// Jest Snapshot v1, https://goo.gl/fbAQLP

exports[`renders correctly 1`] = `
<div
  className="baybayin-translator"
>
  <textarea
    defaultValue=""
    onKeyUp={[Function]}
  />
  <div
    className="preview"
    dangerouslySetInnerHTML={
      Object {
        "__html": "← ← ← type or paste something there<br/><br/>and see the translation here. ↓↓↓",
      }
    }
  />
  <div
    className="info"
  >
    <div
      className="slider-container"
    >
      <div
        className="img blurred"
        key="0"
        onClick={[Function]}
        style={
          Object {
            "background": "transparent url(kultura.jpg) no-repeat center",
            "left": "-55%",
          }
        }
      />
      <div
        className="img"
        key="1"
        onClick={[Function]}
        style={
          Object {
            "background": "transparent url(baybayinCharacters.png) no-repeat center",
            "left": "15%",
          }
        }
      />
      <div
        className="img blurred"
        key="2"
        onClick={[Function]}
        style={
          Object {
            "background": "transparent url(theRules.jpg) no-repeat center",
            "left": "85%",
          }
        }
      >
        <div
          className="label"
        >
          <div
            className="link"
          >
            <a
              href="https://www.facebook.com/baybayinpinas/"
              rel="noopener noreferrer"
              target="_blank"
            >
              https://www.facebook.com/baybayinpinas/
            </a>
          </div>
        </div>
      </div>
      <div
        className="img blurred"
        key="3"
        onClick={[Function]}
        style={
          Object {
            "background": "transparent url(saligUgOras.jpg) no-repeat center",
            "left": "155%",
          }
        }
      />
      <div
        className="img blurred"
        key="4"
        onClick={[Function]}
        style={
          Object {
            "background": "transparent url(Philippine-scripts-Interaksyon.jpg) no-repeat center",
            "left": "225%",
          }
        }
      >
        <div
          className="label"
        >
          <div
            className="link"
          >
            <a
              href="https://insta-stalker.com/post/BqUd_sTF6TL/"
              rel="noopener noreferrer"
              target="_blank"
            >
              https://insta-stalker.com/post/BqUd_sTF6TL/
            </a>
          </div>
        </div>
      </div>
      <div
        className="img blurred"
        key="5"
        onClick={[Function]}
        style={
          Object {
            "background": "transparent url(theAncientPhScripts.jpg) no-repeat center",
            "left": "295%",
          }
        }
      >
        <div
          className="label"
        >
          <div
            className="name"
          >
            The Ancient Filipino Script
          </div>
          <div
            className="link"
          >
            <a
              href="https://www.kickstarter.com/projects/baybayin/teaching-the-ancient-filipino-script"
              rel="noopener noreferrer"
              target="_blank"
            >
              https://www.kickstarter.com/projects/baybayin/teaching-the-ancient-filipino-script
            </a>
          </div>
        </div>
      </div>
      <div
        className="img blurred"
        key="6"
        onClick={[Function]}
        style={
          Object {
            "background": "transparent url(Baybayin-Carved-on-Bamboo-Stem.jpg) no-repeat center",
            "left": "365%",
          }
        }
      >
        <div
          className="label"
        >
          <div
            className="link"
          >
            <a
              href="https://www.endangeredalphabets.net/alphabets/baybayin/"
              rel="noopener noreferrer"
              target="_blank"
            >
              https://www.endangeredalphabets.net/alphabets/baybayin/
            </a>
          </div>
        </div>
      </div>
      <div
        className="img blurred"
        key="7"
        onClick={[Function]}
        style={
          Object {
            "background": "transparent url(Baybayin-conference-program.jpg) no-repeat center",
            "left": "435%",
          }
        }
      >
        <div
          className="label"
        >
          <div
            className="link"
          >
            <a
              href="https://www.endangeredalphabets.net/alphabets/baybayin/"
              rel="noopener noreferrer"
              target="_blank"
            >
              https://www.endangeredalphabets.net/alphabets/baybayin/
            </a>
          </div>
        </div>
      </div>
      <div
        className="img blurred"
        key="8"
        onClick={[Function]}
        style={
          Object {
            "background": "transparent url(hashTagFilipinoAncientWriting.jpg) no-repeat center",
            "left": "505%",
          }
        }
      >
        <div
          className="label"
        >
          <div
            className="link"
          >
            <a
              href="https://insta-stalker.com/tag/filipinoancientwriting/"
              rel="noopener noreferrer"
              target="_blank"
            >
              https://insta-stalker.com/tag/filipinoancientwriting/
            </a>
          </div>
        </div>
      </div>
      <div
        className="btn left"
        onClick={[Function]}
      />
      <div
        className="btn right"
        onClick={[Function]}
      />
    </div>
  </div>
</div>
`;
