// Jest Snapshot v1, https://goo.gl/fbAQLP

exports[`renders correctly 1`] = `
<div
  className="baybayin-translator"
>
  <textarea
    defaultValue=""
    onKeyUp={[Function]}
  />
  <div
    className="preview"
    dangerouslySetInnerHTML={
      Object {
        "__html": "← ← ← type or paste something there<br/>and see the translation here. ↓↓↓",
      }
    }
  />
  <div
    className="info"
  />
</div>
`;
